Component: ARM Compiler 5.06 update 1 (build 61) Tool: armlink [4d35a8]

==============================================================================

Section Cross References

    startup_stm32f10x_hd.o(RESET) refers to startup_stm32f10x_hd.o(.text) for Reset_Handler
    startup_stm32f10x_hd.o(RESET) refers to stm32f10x_it.o(.text) for NMI_Handler
    startup_stm32f10x_hd.o(RESET) refers to main.o(.text) for TIM2_IRQHandler
    startup_stm32f10x_hd.o(.text) refers to startup_stm32f10x_hd.o(STACK) for __initial_sp
    startup_stm32f10x_hd.o(.text) refers to entry.o(.ARM.Collect$$$$00000000) for __main
    main.o(.text) refers to fflti.o(.text) for __aeabi_i2f
    main.o(.text) refers to system_stm32f10x.o(.text) for SystemInit
    main.o(.text) refers to usart1.o(.text) for USART1_Config
    main.o(.text) refers to stm32_adc.o(.text) for ADC1_Init
    main.o(.text) refers to stm32f10x_adc.o(.text) for ADC_SoftwareStartConvCmd
    main.o(.text) refers to stm32_tim2.o(.text) for TIM2_NVIC_Configuration
    main.o(.text) refers to fmul.o(.text) for __aeabi_fmul
    main.o(.text) refers to fdiv.o(.text) for __aeabi_fdiv
    main.o(.text) refers to ffixi.o(.text) for __aeabi_f2iz
    main.o(.text) refers to stm32f10x_tim.o(.text) for TIM_GetITStatus
    main.o(.text) refers to stm32f10x_gpio.o(.text) for GPIO_ReadOutputDataBit
    main.o(.text) refers to stm32_adc.o(.bss) for AD_Value
    main.o(.text) refers to main.o(.bss) for adc_average
    usart1.o(.text) refers to stm32f10x_rcc.o(.text) for RCC_APB2PeriphClockCmd
    usart1.o(.text) refers to stm32f10x_gpio.o(.text) for GPIO_Init
    usart1.o(.text) refers to stm32f10x_usart.o(.text) for USART_Init
    stm32f10x_gpio.o(.text) refers to stm32f10x_rcc.o(.text) for RCC_APB2PeriphResetCmd
    stm32f10x_rcc.o(.text) refers to stm32f10x_rcc.o(.data) for APBAHBPrescTable
    stm32f10x_usart.o(.text) refers to stm32f10x_rcc.o(.text) for RCC_APB2PeriphResetCmd
    stm32f10x_adc.o(.text) refers to stm32f10x_rcc.o(.text) for RCC_APB2PeriphResetCmd
    stm32f10x_tim.o(.text) refers to stm32f10x_rcc.o(.text) for RCC_APB2PeriphResetCmd
    stm32f10x_dac.o(.text) refers to stm32f10x_rcc.o(.text) for RCC_APB1PeriphResetCmd
    stm32_adc.o(.text) refers to stm32f10x_rcc.o(.text) for RCC_APB2PeriphClockCmd
    stm32_adc.o(.text) refers to stm32f10x_gpio.o(.text) for GPIO_Init
    stm32_adc.o(.text) refers to stm32f10x_dma.o(.text) for DMA_DeInit
    stm32_adc.o(.text) refers to stm32f10x_adc.o(.text) for ADC_Init
    stm32_adc.o(.text) refers to stm32_adc.o(.bss) for AD_Value
    stm32_dac.o(.text) refers to stm32f10x_rcc.o(.text) for RCC_APB2PeriphClockCmd
    stm32_dac.o(.text) refers to stm32f10x_gpio.o(.text) for GPIO_Init
    stm32_dac.o(.text) refers to stm32f10x_dac.o(.text) for DAC_Init
    stm32_dac.o(.text) refers to stm32f10x_tim.o(.text) for TIM_TimeBaseInit
    stm32_dac.o(.text) refers to ffltui.o(.text) for __aeabi_ui2f
    stm32_dac.o(.text) refers to fdiv.o(.text) for __aeabi_fdiv
    stm32_dac.o(.text) refers to fmul.o(.text) for __aeabi_fmul
    stm32_dac.o(.text) refers to f2d.o(.text) for __aeabi_f2d
    stm32_dac.o(.text) refers to ddiv.o(.text) for __aeabi_ddiv
    stm32_dac.o(.text) refers to d2f.o(.text) for __aeabi_d2f
    stm32_dac.o(.text) refers to ffixui.o(.text) for __aeabi_f2uiz
    stm32_led.o(.text) refers to stm32f10x_rcc.o(.text) for RCC_APB2PeriphClockCmd
    stm32_led.o(.text) refers to stm32f10x_gpio.o(.text) for GPIO_Init
    stm32_tim2.o(.text) refers to misc.o(.text) for NVIC_PriorityGroupConfig
    stm32_tim2.o(.text) refers to stm32f10x_rcc.o(.text) for RCC_APB1PeriphClockCmd
    stm32_tim2.o(.text) refers to stm32f10x_tim.o(.text) for TIM_ClearITPendingBit
    entry.o(.ARM.Collect$$$$00000000) refers (Special) to entry10a.o(.ARM.Collect$$$$0000000D) for __rt_final_cpp
    entry.o(.ARM.Collect$$$$00000000) refers (Special) to entry11a.o(.ARM.Collect$$$$0000000F) for __rt_final_exit
    entry.o(.ARM.Collect$$$$00000000) refers (Special) to entry7b.o(.ARM.Collect$$$$00000008) for _main_clock
    entry.o(.ARM.Collect$$$$00000000) refers (Special) to entry8b.o(.ARM.Collect$$$$0000000A) for _main_cpp_init
    entry.o(.ARM.Collect$$$$00000000) refers (Special) to entry9a.o(.ARM.Collect$$$$0000000B) for _main_init
    entry.o(.ARM.Collect$$$$00000000) refers (Special) to entry5.o(.ARM.Collect$$$$00000004) for _main_scatterload
    entry.o(.ARM.Collect$$$$00000000) refers (Special) to entry2.o(.ARM.Collect$$$$00000001) for _main_stk
    fmul.o(.text) refers (Special) to iusefp.o(.text) for __I$use$fp
    fdiv.o(.text) refers (Special) to iusefp.o(.text) for __I$use$fp
    fdiv.o(.text) refers to fepilogue.o(.text) for _float_round
    ddiv.o(.text) refers (Special) to iusefp.o(.text) for __I$use$fp
    ddiv.o(.text) refers to depilogue.o(.text) for _double_round
    fflti.o(.text) refers (Special) to iusefp.o(.text) for __I$use$fp
    fflti.o(.text) refers to fepilogue.o(.text) for _float_epilogue
    ffltui.o(.text) refers (Special) to iusefp.o(.text) for __I$use$fp
    ffltui.o(.text) refers to fepilogue.o(.text) for _float_epilogue
    ffixi.o(.text) refers (Special) to iusefp.o(.text) for __I$use$fp
    ffixui.o(.text) refers (Special) to iusefp.o(.text) for __I$use$fp
    f2d.o(.text) refers (Special) to iusefp.o(.text) for __I$use$fp
    d2f.o(.text) refers (Special) to iusefp.o(.text) for __I$use$fp
    d2f.o(.text) refers to fepilogue.o(.text) for _float_round
    entry2.o(.ARM.Collect$$$$00000001) refers to entry2.o(.ARM.Collect$$$$00002712) for __lit__00000000
    entry2.o(.ARM.Collect$$$$00002712) refers to startup_stm32f10x_hd.o(STACK) for __initial_sp
    entry2.o(__vectab_stack_and_reset_area) refers to startup_stm32f10x_hd.o(STACK) for __initial_sp
    entry2.o(__vectab_stack_and_reset_area) refers to entry.o(.ARM.Collect$$$$00000000) for __main
    entry5.o(.ARM.Collect$$$$00000004) refers to init.o(.text) for __scatterload
    entry9a.o(.ARM.Collect$$$$0000000B) refers to main.o(.text) for main
    entry9b.o(.ARM.Collect$$$$0000000C) refers to main.o(.text) for main
    depilogue.o(.text) refers to llshl.o(.text) for __aeabi_llsl
    depilogue.o(.text) refers to llushr.o(.text) for __aeabi_llsr
    init.o(.text) refers to entry5.o(.ARM.Collect$$$$00000004) for __main_after_scatterload


==============================================================================

Removing Unused input sections from the image.

    Removing startup_stm32f10x_hd.o(HEAP), (0 bytes).
    Removing stm32f10x_flash.o(.text), (1324 bytes).
    Removing stm32f10x_dac.o(.text), (348 bytes).
    Removing core_cm3.o(.emb_text), (32 bytes).
    Removing system_stm32f10x.o(.constdata), (20 bytes).
    Removing stm32_adc.o(.data), (2 bytes).
    Removing stm32_dac.o(.text), (280 bytes).
    Removing stm32_led.o(.text), (56 bytes).
    Removing ddiv.o(.text), (222 bytes).
    Removing ffltui.o(.text), (10 bytes).
    Removing ffixui.o(.text), (40 bytes).
    Removing f2d.o(.text), (38 bytes).
    Removing d2f.o(.text), (56 bytes).
    Removing depilogue.o(.text), (186 bytes).

14 unused section(s) (total 2614 bytes) removed from the image.

==============================================================================

Image Symbol Table

    Local Symbols

    Symbol Name                              Value     Ov Type        Size  Object(Section)

    ../clib/microlib/init/entry.s            0x00000000   Number         0  entry9b.o ABSOLUTE
    ../clib/microlib/init/entry.s            0x00000000   Number         0  entry9a.o ABSOLUTE
    ../clib/microlib/init/entry.s            0x00000000   Number         0  entry8b.o ABSOLUTE
    ../clib/microlib/init/entry.s            0x00000000   Number         0  entry8a.o ABSOLUTE
    ../clib/microlib/init/entry.s            0x00000000   Number         0  entry7b.o ABSOLUTE
    ../clib/microlib/init/entry.s            0x00000000   Number         0  entry7a.o ABSOLUTE
    ../clib/microlib/init/entry.s            0x00000000   Number         0  entry5.o ABSOLUTE
    ../clib/microlib/init/entry.s            0x00000000   Number         0  entry2.o ABSOLUTE
    ../clib/microlib/init/entry.s            0x00000000   Number         0  entry.o ABSOLUTE
    ../clib/microlib/init/entry.s            0x00000000   Number         0  entry11b.o ABSOLUTE
    ../clib/microlib/init/entry.s            0x00000000   Number         0  entry11a.o ABSOLUTE
    ../clib/microlib/init/entry.s            0x00000000   Number         0  entry10b.o ABSOLUTE
    ../clib/microlib/init/entry.s            0x00000000   Number         0  entry10a.o ABSOLUTE
    ../clib/microlib/longlong.c              0x00000000   Number         0  llushr.o ABSOLUTE
    ../clib/microlib/longlong.c              0x00000000   Number         0  llshl.o ABSOLUTE
    ../clib/microlib/stubs.s                 0x00000000   Number         0  iusefp.o ABSOLUTE
    ../fplib/microlib/d2f.c                  0x00000000   Number         0  d2f.o ABSOLUTE
    ../fplib/microlib/f2d.c                  0x00000000   Number         0  f2d.o ABSOLUTE
    ../fplib/microlib/fpdiv.c                0x00000000   Number         0  ddiv.o ABSOLUTE
    ../fplib/microlib/fpdiv.c                0x00000000   Number         0  fdiv.o ABSOLUTE
    ../fplib/microlib/fpepilogue.c           0x00000000   Number         0  depilogue.o ABSOLUTE
    ../fplib/microlib/fpepilogue.c           0x00000000   Number         0  fepilogue.o ABSOLUTE
    ../fplib/microlib/fpfix.c                0x00000000   Number         0  ffixui.o ABSOLUTE
    ../fplib/microlib/fpfix.c                0x00000000   Number         0  ffixi.o ABSOLUTE
    ../fplib/microlib/fpflt.c                0x00000000   Number         0  ffltui.o ABSOLUTE
    ../fplib/microlib/fpflt.c                0x00000000   Number         0  fflti.o ABSOLUTE
    ../fplib/microlib/fpmul.c                0x00000000   Number         0  fmul.o ABSOLUTE
    ..\CMSIS\core_cm3.c                      0x00000000   Number         0  core_cm3.o ABSOLUTE
    ..\CMSIS\startup\startup_stm32f10x_hd.s  0x00000000   Number         0  startup_stm32f10x_hd.o ABSOLUTE
    ..\CMSIS\system_stm32f10x.c              0x00000000   Number         0  system_stm32f10x.o ABSOLUTE
    ..\FWlib\src\misc.c                      0x00000000   Number         0  misc.o ABSOLUTE
    ..\FWlib\src\stm32f10x_adc.c             0x00000000   Number         0  stm32f10x_adc.o ABSOLUTE
    ..\FWlib\src\stm32f10x_dac.c             0x00000000   Number         0  stm32f10x_dac.o ABSOLUTE
    ..\FWlib\src\stm32f10x_dma.c             0x00000000   Number         0  stm32f10x_dma.o ABSOLUTE
    ..\FWlib\src\stm32f10x_flash.c           0x00000000   Number         0  stm32f10x_flash.o ABSOLUTE
    ..\FWlib\src\stm32f10x_gpio.c            0x00000000   Number         0  stm32f10x_gpio.o ABSOLUTE
    ..\FWlib\src\stm32f10x_rcc.c             0x00000000   Number         0  stm32f10x_rcc.o ABSOLUTE
    ..\FWlib\src\stm32f10x_tim.c             0x00000000   Number         0  stm32f10x_tim.o ABSOLUTE
    ..\FWlib\src\stm32f10x_usart.c           0x00000000   Number         0  stm32f10x_usart.o ABSOLUTE
    ..\HARDWARE\stm32_adc\stm32_adc.c        0x00000000   Number         0  stm32_adc.o ABSOLUTE
    ..\HARDWARE\stm32_dac\stm32_dac.c        0x00000000   Number         0  stm32_dac.o ABSOLUTE
    ..\HARDWARE\stm32_led\stm32_led.c        0x00000000   Number         0  stm32_led.o ABSOLUTE
    ..\HARDWARE\stm32_tim2\stm32_tim2.c      0x00000000   Number         0  stm32_tim2.o ABSOLUTE
    ..\\CMSIS\\core_cm3.c                    0x00000000   Number         0  core_cm3.o ABSOLUTE
    dc.s                                     0x00000000   Number         0  dc.o ABSOLUTE
    handlers.s                               0x00000000   Number         0  handlers.o ABSOLUTE
    init.s                                   0x00000000   Number         0  init.o ABSOLUTE
    main.c                                   0x00000000   Number         0  main.o ABSOLUTE
    stm32f10x_it.c                           0x00000000   Number         0  stm32f10x_it.o ABSOLUTE
    usart1.c                                 0x00000000   Number         0  usart1.o ABSOLUTE
    RESET                                    0x08000000   Section      304  startup_stm32f10x_hd.o(RESET)
    .ARM.Collect$$$$00000000                 0x08000130   Section        0  entry.o(.ARM.Collect$$$$00000000)
    .ARM.Collect$$$$00000001                 0x08000130   Section        4  entry2.o(.ARM.Collect$$$$00000001)
    .ARM.Collect$$$$00000004                 0x08000134   Section        4  entry5.o(.ARM.Collect$$$$00000004)
    .ARM.Collect$$$$00000008                 0x08000138   Section        0  entry7b.o(.ARM.Collect$$$$00000008)
    .ARM.Collect$$$$0000000A                 0x08000138   Section        0  entry8b.o(.ARM.Collect$$$$0000000A)
    .ARM.Collect$$$$0000000B                 0x08000138   Section        8  entry9a.o(.ARM.Collect$$$$0000000B)
    .ARM.Collect$$$$0000000D                 0x08000140   Section        0  entry10a.o(.ARM.Collect$$$$0000000D)
    .ARM.Collect$$$$0000000F                 0x08000140   Section        0  entry11a.o(.ARM.Collect$$$$0000000F)
    .ARM.Collect$$$$00002712                 0x08000140   Section        4  entry2.o(.ARM.Collect$$$$00002712)
    __lit__00000000                          0x08000140   Data           4  entry2.o(.ARM.Collect$$$$00002712)
    .text                                    0x08000144   Section       48  startup_stm32f10x_hd.o(.text)
    .text                                    0x08000174   Section        0  main.o(.text)
    .text                                    0x080003a0   Section        0  stm32f10x_it.o(.text)
    .text                                    0x080003bc   Section        0  usart1.o(.text)
    .text                                    0x080004d0   Section        0  stm32f10x_gpio.o(.text)
    .text                                    0x08000800   Section        0  stm32f10x_rcc.o(.text)
    .text                                    0x08000ba0   Section        0  stm32f10x_usart.o(.text)
    .text                                    0x08000f10   Section        0  stm32f10x_dma.o(.text)
    .text                                    0x08001150   Section        0  stm32f10x_adc.o(.text)
    .text                                    0x08001580   Section        0  stm32f10x_tim.o(.text)
    TI4_Config                               0x0800189f   Thumb Code    82  stm32f10x_tim.o(.text)
    TI3_Config                               0x08001903   Thumb Code    72  stm32f10x_tim.o(.text)
    TI2_Config                               0x08001975   Thumb Code    80  stm32f10x_tim.o(.text)
    TI1_Config                               0x080019d7   Thumb Code    56  stm32f10x_tim.o(.text)
    .text                                    0x08002148   Section        0  misc.o(.text)
    .text                                    0x08002224   Section        0  system_stm32f10x.o(.text)
    SetSysClockTo72                          0x08002225   Thumb Code   220  system_stm32f10x.o(.text)
    SetSysClock                              0x08002301   Thumb Code     8  system_stm32f10x.o(.text)
    .text                                    0x0800235c   Section        0  stm32_adc.o(.text)
    .text                                    0x080024b8   Section        0  stm32_tim2.o(.text)
    .text                                    0x08002528   Section        0  fmul.o(.text)
    .text                                    0x0800258c   Section        0  fdiv.o(.text)
    .text                                    0x08002608   Section        0  fflti.o(.text)
    .text                                    0x0800261a   Section        0  ffixi.o(.text)
    .text                                    0x0800264c   Section        0  iusefp.o(.text)
    .text                                    0x0800264c   Section        0  fepilogue.o(.text)
    .text                                    0x080026bc   Section       36  init.o(.text)
    i.__scatterload_copy                     0x080026e0   Section       14  handlers.o(i.__scatterload_copy)
    i.__scatterload_null                     0x080026ee   Section        2  handlers.o(i.__scatterload_null)
    i.__scatterload_zeroinit                 0x080026f0   Section       14  handlers.o(i.__scatterload_zeroinit)
    .data                                    0x20000000   Section       20  stm32f10x_rcc.o(.data)
    APBAHBPrescTable                         0x20000000   Data          16  stm32f10x_rcc.o(.data)
    ADCPrescTable                            0x20000010   Data           4  stm32f10x_rcc.o(.data)
    .bss                                     0x20000014   Section       80  main.o(.bss)
    .bss                                     0x20000064   Section      252  stm32_adc.o(.bss)
    STACK                                    0x20000160   Section      512  startup_stm32f10x_hd.o(STACK)

    Global Symbols

    Symbol Name                              Value     Ov Type        Size  Object(Section)

    BuildAttributes$$THM_ISAv4$P$D$K$B$S$PE$A:L22UL41UL21$X:L11$S22US41US21$IEEE1$IW$USESV6$~STKCKD$USESV7$~SHL$OTIME$ROPI$EBA8$MICROLIB$REQ8$PRES8$EABIv2 0x00000000   Number         0  anon$$obj.o ABSOLUTE
    __ARM_use_no_argv                        0x00000000   Number         0  main.o ABSOLUTE
    __cpp_initialize__aeabi_                  - Undefined Weak Reference
    __cxa_finalize                            - Undefined Weak Reference
    __decompress                              - Undefined Weak Reference
    _clock_init                               - Undefined Weak Reference
    _microlib_exit                            - Undefined Weak Reference
    __Vectors_Size                           0x00000130   Number         0  startup_stm32f10x_hd.o ABSOLUTE
    __Vectors                                0x08000000   Data           4  startup_stm32f10x_hd.o(RESET)
    __Vectors_End                            0x08000130   Data           0  startup_stm32f10x_hd.o(RESET)
    __main                                   0x08000131   Thumb Code     0  entry.o(.ARM.Collect$$$$00000000)
    _main_stk                                0x08000131   Thumb Code     0  entry2.o(.ARM.Collect$$$$00000001)
    _main_scatterload                        0x08000135   Thumb Code     0  entry5.o(.ARM.Collect$$$$00000004)
    __main_after_scatterload                 0x08000139   Thumb Code     0  entry5.o(.ARM.Collect$$$$00000004)
    _main_clock                              0x08000139   Thumb Code     0  entry7b.o(.ARM.Collect$$$$00000008)
    _main_cpp_init                           0x08000139   Thumb Code     0  entry8b.o(.ARM.Collect$$$$0000000A)
    _main_init                               0x08000139   Thumb Code     0  entry9a.o(.ARM.Collect$$$$0000000B)
    __rt_final_cpp                           0x08000141   Thumb Code     0  entry10a.o(.ARM.Collect$$$$0000000D)
    __rt_final_exit                          0x08000141   Thumb Code     0  entry11a.o(.ARM.Collect$$$$0000000F)
    SystemInit_ExtMemCtl                     0x08000145   Thumb Code     2  startup_stm32f10x_hd.o(.text)
    Reset_Handler                            0x08000147   Thumb Code    14  startup_stm32f10x_hd.o(.text)
    ADC1_2_IRQHandler                        0x08000167   Thumb Code     0  startup_stm32f10x_hd.o(.text)
    ADC3_IRQHandler                          0x08000167   Thumb Code     0  startup_stm32f10x_hd.o(.text)
    CAN1_RX1_IRQHandler                      0x08000167   Thumb Code     0  startup_stm32f10x_hd.o(.text)
    CAN1_SCE_IRQHandler                      0x08000167   Thumb Code     0  startup_stm32f10x_hd.o(.text)
    DMA1_Channel1_IRQHandler                 0x08000167   Thumb Code     0  startup_stm32f10x_hd.o(.text)
    DMA1_Channel2_IRQHandler                 0x08000167   Thumb Code     0  startup_stm32f10x_hd.o(.text)
    DMA1_Channel3_IRQHandler                 0x08000167   Thumb Code     0  startup_stm32f10x_hd.o(.text)
    DMA1_Channel4_IRQHandler                 0x08000167   Thumb Code     0  startup_stm32f10x_hd.o(.text)
    DMA1_Channel5_IRQHandler                 0x08000167   Thumb Code     0  startup_stm32f10x_hd.o(.text)
    DMA1_Channel6_IRQHandler                 0x08000167   Thumb Code     0  startup_stm32f10x_hd.o(.text)
    DMA1_Channel7_IRQHandler                 0x08000167   Thumb Code     0  startup_stm32f10x_hd.o(.text)
    DMA2_Channel1_IRQHandler                 0x08000167   Thumb Code     0  startup_stm32f10x_hd.o(.text)
    DMA2_Channel2_IRQHandler                 0x08000167   Thumb Code     0  startup_stm32f10x_hd.o(.text)
    DMA2_Channel3_IRQHandler                 0x08000167   Thumb Code     0  startup_stm32f10x_hd.o(.text)
    DMA2_Channel4_5_IRQHandler               0x08000167   Thumb Code     0  startup_stm32f10x_hd.o(.text)
    EXTI0_IRQHandler                         0x08000167   Thumb Code     0  startup_stm32f10x_hd.o(.text)
    EXTI15_10_IRQHandler                     0x08000167   Thumb Code     0  startup_stm32f10x_hd.o(.text)
    EXTI1_IRQHandler                         0x08000167   Thumb Code     0  startup_stm32f10x_hd.o(.text)
    EXTI2_IRQHandler                         0x08000167   Thumb Code     0  startup_stm32f10x_hd.o(.text)
    EXTI3_IRQHandler                         0x08000167   Thumb Code     0  startup_stm32f10x_hd.o(.text)
    EXTI4_IRQHandler                         0x08000167   Thumb Code     0  startup_stm32f10x_hd.o(.text)
    EXTI9_5_IRQHandler                       0x08000167   Thumb Code     0  startup_stm32f10x_hd.o(.text)
    FLASH_IRQHandler                         0x08000167   Thumb Code     0  startup_stm32f10x_hd.o(.text)
    FSMC_IRQHandler                          0x08000167   Thumb Code     0  startup_stm32f10x_hd.o(.text)
    I2C1_ER_IRQHandler                       0x08000167   Thumb Code     0  startup_stm32f10x_hd.o(.text)
    I2C1_EV_IRQHandler                       0x08000167   Thumb Code     0  startup_stm32f10x_hd.o(.text)
    I2C2_ER_IRQHandler                       0x08000167   Thumb Code     0  startup_stm32f10x_hd.o(.text)
    I2C2_EV_IRQHandler                       0x08000167   Thumb Code     0  startup_stm32f10x_hd.o(.text)
    PVD_IRQHandler                           0x08000167   Thumb Code     0  startup_stm32f10x_hd.o(.text)
    RCC_IRQHandler                           0x08000167   Thumb Code     0  startup_stm32f10x_hd.o(.text)
    RTCAlarm_IRQHandler                      0x08000167   Thumb Code     0  startup_stm32f10x_hd.o(.text)
    RTC_IRQHandler                           0x08000167   Thumb Code     0  startup_stm32f10x_hd.o(.text)
    SDIO_IRQHandler                          0x08000167   Thumb Code     0  startup_stm32f10x_hd.o(.text)
    SPI1_IRQHandler                          0x08000167   Thumb Code     0  startup_stm32f10x_hd.o(.text)
    SPI2_IRQHandler                          0x08000167   Thumb Code     0  startup_stm32f10x_hd.o(.text)
    SPI3_IRQHandler                          0x08000167   Thumb Code     0  startup_stm32f10x_hd.o(.text)
    TAMPER_IRQHandler                        0x08000167   Thumb Code     0  startup_stm32f10x_hd.o(.text)
    TIM1_BRK_IRQHandler                      0x08000167   Thumb Code     0  startup_stm32f10x_hd.o(.text)
    TIM1_CC_IRQHandler                       0x08000167   Thumb Code     0  startup_stm32f10x_hd.o(.text)
    TIM1_TRG_COM_IRQHandler                  0x08000167   Thumb Code     0  startup_stm32f10x_hd.o(.text)
    TIM1_UP_IRQHandler                       0x08000167   Thumb Code     0  startup_stm32f10x_hd.o(.text)
    TIM3_IRQHandler                          0x08000167   Thumb Code     0  startup_stm32f10x_hd.o(.text)
    TIM4_IRQHandler                          0x08000167   Thumb Code     0  startup_stm32f10x_hd.o(.text)
    TIM5_IRQHandler                          0x08000167   Thumb Code     0  startup_stm32f10x_hd.o(.text)
    TIM6_IRQHandler                          0x08000167   Thumb Code     0  startup_stm32f10x_hd.o(.text)
    TIM7_IRQHandler                          0x08000167   Thumb Code     0  startup_stm32f10x_hd.o(.text)
    TIM8_BRK_IRQHandler                      0x08000167   Thumb Code     0  startup_stm32f10x_hd.o(.text)
    TIM8_CC_IRQHandler                       0x08000167   Thumb Code     0  startup_stm32f10x_hd.o(.text)
    TIM8_TRG_COM_IRQHandler                  0x08000167   Thumb Code     0  startup_stm32f10x_hd.o(.text)
    TIM8_UP_IRQHandler                       0x08000167   Thumb Code     0  startup_stm32f10x_hd.o(.text)
    UART4_IRQHandler                         0x08000167   Thumb Code     0  startup_stm32f10x_hd.o(.text)
    UART5_IRQHandler                         0x08000167   Thumb Code     0  startup_stm32f10x_hd.o(.text)
    USART1_IRQHandler                        0x08000167   Thumb Code     0  startup_stm32f10x_hd.o(.text)
    USART2_IRQHandler                        0x08000167   Thumb Code     0  startup_stm32f10x_hd.o(.text)
    USART3_IRQHandler                        0x08000167   Thumb Code     0  startup_stm32f10x_hd.o(.text)
    USBWakeUp_IRQHandler                     0x08000167   Thumb Code     0  startup_stm32f10x_hd.o(.text)
    USB_HP_CAN1_TX_IRQHandler                0x08000167   Thumb Code     0  startup_stm32f10x_hd.o(.text)
    USB_LP_CAN1_RX0_IRQHandler               0x08000167   Thumb Code     0  startup_stm32f10x_hd.o(.text)
    WWDG_IRQHandler                          0x08000167   Thumb Code     0  startup_stm32f10x_hd.o(.text)
    ADC_average                              0x08000175   Thumb Code    70  main.o(.text)
    main                                     0x080001bb   Thumb Code   224  main.o(.text)
    ADC_ConvertSend                          0x0800029b   Thumb Code    56  main.o(.text)
    TIM2_IRQHandler                          0x080002d3   Thumb Code   172  main.o(.text)
    NMI_Handler                              0x080003a1   Thumb Code     2  stm32f10x_it.o(.text)
    HardFault_Handler                        0x080003a3   Thumb Code     4  stm32f10x_it.o(.text)
    MemManage_Handler                        0x080003a7   Thumb Code     4  stm32f10x_it.o(.text)
    BusFault_Handler                         0x080003ab   Thumb Code     4  stm32f10x_it.o(.text)
    UsageFault_Handler                       0x080003af   Thumb Code     4  stm32f10x_it.o(.text)
    SVC_Handler                              0x080003b3   Thumb Code     2  stm32f10x_it.o(.text)
    DebugMon_Handler                         0x080003b5   Thumb Code     2  stm32f10x_it.o(.text)
    PendSV_Handler                           0x080003b7   Thumb Code     2  stm32f10x_it.o(.text)
    SysTick_Handler                          0x080003b9   Thumb Code     2  stm32f10x_it.o(.text)
    USART1_Config                            0x080003bd   Thumb Code   114  usart1.o(.text)
    UART1SendByte                            0x0800042f   Thumb Code    28  usart1.o(.text)
    UART1GetByte                             0x0800044b   Thumb Code    30  usart1.o(.text)
    UART1Test                                0x08000469   Thumb Code    32  usart1.o(.text)
    fputc                                    0x08000489   Thumb Code    32  usart1.o(.text)
    UART1_Send_byte                          0x080004a9   Thumb Code    30  usart1.o(.text)
    GPIO_DeInit                              0x080004d1   Thumb Code   188  stm32f10x_gpio.o(.text)
    GPIO_AFIODeInit                          0x0800058d   Thumb Code    20  stm32f10x_gpio.o(.text)
    GPIO_Init                                0x080005a1   Thumb Code   278  stm32f10x_gpio.o(.text)
    GPIO_StructInit                          0x080006b7   Thumb Code    16  stm32f10x_gpio.o(.text)
    GPIO_ReadInputDataBit                    0x080006c7   Thumb Code    18  stm32f10x_gpio.o(.text)
    GPIO_ReadInputData                       0x080006d9   Thumb Code     8  stm32f10x_gpio.o(.text)
    GPIO_ReadOutputDataBit                   0x080006e1   Thumb Code    18  stm32f10x_gpio.o(.text)
    GPIO_ReadOutputData                      0x080006f3   Thumb Code     8  stm32f10x_gpio.o(.text)
    GPIO_SetBits                             0x080006fb   Thumb Code     4  stm32f10x_gpio.o(.text)
    GPIO_ResetBits                           0x080006ff   Thumb Code     4  stm32f10x_gpio.o(.text)
    GPIO_WriteBit                            0x08000703   Thumb Code    10  stm32f10x_gpio.o(.text)
    GPIO_Write                               0x0800070d   Thumb Code     4  stm32f10x_gpio.o(.text)
    GPIO_PinLockConfig                       0x08000711   Thumb Code    18  stm32f10x_gpio.o(.text)
    GPIO_EventOutputConfig                   0x08000723   Thumb Code    26  stm32f10x_gpio.o(.text)
    GPIO_EventOutputCmd                      0x0800073d   Thumb Code     6  stm32f10x_gpio.o(.text)
    GPIO_PinRemapConfig                      0x08000743   Thumb Code   106  stm32f10x_gpio.o(.text)
    GPIO_EXTILineConfig                      0x080007ad   Thumb Code    66  stm32f10x_gpio.o(.text)
    RCC_DeInit                               0x08000801   Thumb Code    62  stm32f10x_rcc.o(.text)
    RCC_HSEConfig                            0x0800083f   Thumb Code    70  stm32f10x_rcc.o(.text)
    RCC_GetFlagStatus                        0x08000885   Thumb Code    56  stm32f10x_rcc.o(.text)
    RCC_WaitForHSEStartUp                    0x080008bd   Thumb Code    54  stm32f10x_rcc.o(.text)
    RCC_AdjustHSICalibrationValue            0x080008f3   Thumb Code    20  stm32f10x_rcc.o(.text)
    RCC_HSICmd                               0x08000907   Thumb Code     6  stm32f10x_rcc.o(.text)
    RCC_PLLConfig                            0x0800090d   Thumb Code    24  stm32f10x_rcc.o(.text)
    RCC_PLLCmd                               0x08000925   Thumb Code     6  stm32f10x_rcc.o(.text)
    RCC_SYSCLKConfig                         0x0800092b   Thumb Code    18  stm32f10x_rcc.o(.text)
    RCC_GetSYSCLKSource                      0x0800093d   Thumb Code    10  stm32f10x_rcc.o(.text)
    RCC_HCLKConfig                           0x08000947   Thumb Code    18  stm32f10x_rcc.o(.text)
    RCC_PCLK1Config                          0x08000959   Thumb Code    18  stm32f10x_rcc.o(.text)
    RCC_PCLK2Config                          0x0800096b   Thumb Code    20  stm32f10x_rcc.o(.text)
    RCC_ITConfig                             0x0800097f   Thumb Code    26  stm32f10x_rcc.o(.text)
    RCC_USBCLKConfig                         0x08000999   Thumb Code     8  stm32f10x_rcc.o(.text)
    RCC_ADCCLKConfig                         0x080009a1   Thumb Code    18  stm32f10x_rcc.o(.text)
    RCC_LSEConfig                            0x080009b3   Thumb Code    50  stm32f10x_rcc.o(.text)
    RCC_LSICmd                               0x080009e5   Thumb Code     6  stm32f10x_rcc.o(.text)
    RCC_RTCCLKConfig                         0x080009eb   Thumb Code    12  stm32f10x_rcc.o(.text)
    RCC_RTCCLKCmd                            0x080009f7   Thumb Code     8  stm32f10x_rcc.o(.text)
    RCC_GetClocksFreq                        0x080009ff   Thumb Code   192  stm32f10x_rcc.o(.text)
    RCC_AHBPeriphClockCmd                    0x08000abf   Thumb Code    26  stm32f10x_rcc.o(.text)
    RCC_APB2PeriphClockCmd                   0x08000ad9   Thumb Code    26  stm32f10x_rcc.o(.text)
    RCC_APB1PeriphClockCmd                   0x08000af3   Thumb Code    26  stm32f10x_rcc.o(.text)
    RCC_APB2PeriphResetCmd                   0x08000b0d   Thumb Code    26  stm32f10x_rcc.o(.text)
    RCC_APB1PeriphResetCmd                   0x08000b27   Thumb Code    26  stm32f10x_rcc.o(.text)
    RCC_BackupResetCmd                       0x08000b41   Thumb Code     8  stm32f10x_rcc.o(.text)
    RCC_ClockSecuritySystemCmd               0x08000b49   Thumb Code     6  stm32f10x_rcc.o(.text)
    RCC_MCOConfig                            0x08000b4f   Thumb Code     6  stm32f10x_rcc.o(.text)
    RCC_ClearFlag                            0x08000b55   Thumb Code    14  stm32f10x_rcc.o(.text)
    RCC_GetITStatus                          0x08000b63   Thumb Code    20  stm32f10x_rcc.o(.text)
    RCC_ClearITPendingBit                    0x08000b77   Thumb Code     6  stm32f10x_rcc.o(.text)
    USART_DeInit                             0x08000ba1   Thumb Code   146  stm32f10x_usart.o(.text)
    USART_Init                               0x08000c33   Thumb Code   150  stm32f10x_usart.o(.text)
    USART_StructInit                         0x08000cc9   Thumb Code    24  stm32f10x_usart.o(.text)
    USART_ClockInit                          0x08000ce1   Thumb Code    34  stm32f10x_usart.o(.text)
    USART_ClockStructInit                    0x08000d03   Thumb Code    12  stm32f10x_usart.o(.text)
    USART_Cmd                                0x08000d0f   Thumb Code    24  stm32f10x_usart.o(.text)
    USART_ITConfig                           0x08000d27   Thumb Code    64  stm32f10x_usart.o(.text)
    USART_DMACmd                             0x08000d67   Thumb Code    18  stm32f10x_usart.o(.text)
    USART_SetAddress                         0x08000d79   Thumb Code    18  stm32f10x_usart.o(.text)
    USART_WakeUpConfig                       0x08000d8b   Thumb Code    18  stm32f10x_usart.o(.text)
    USART_ReceiverWakeUpCmd                  0x08000d9d   Thumb Code    24  stm32f10x_usart.o(.text)
    USART_LINBreakDetectLengthConfig         0x08000db5   Thumb Code    18  stm32f10x_usart.o(.text)
    USART_LINCmd                             0x08000dc7   Thumb Code    24  stm32f10x_usart.o(.text)
    USART_SendData                           0x08000ddf   Thumb Code     8  stm32f10x_usart.o(.text)
    USART_ReceiveData                        0x08000de7   Thumb Code    10  stm32f10x_usart.o(.text)
    USART_SendBreak                          0x08000df1   Thumb Code    10  stm32f10x_usart.o(.text)
    USART_SetGuardTime                       0x08000dfb   Thumb Code    16  stm32f10x_usart.o(.text)
    USART_SetPrescaler                       0x08000e0b   Thumb Code    16  stm32f10x_usart.o(.text)
    USART_SmartCardCmd                       0x08000e1b   Thumb Code    24  stm32f10x_usart.o(.text)
    USART_SmartCardNACKCmd                   0x08000e33   Thumb Code    24  stm32f10x_usart.o(.text)
    USART_HalfDuplexCmd                      0x08000e4b   Thumb Code    24  stm32f10x_usart.o(.text)
    USART_IrDAConfig                         0x08000e63   Thumb Code    18  stm32f10x_usart.o(.text)
    USART_IrDACmd                            0x08000e75   Thumb Code    24  stm32f10x_usart.o(.text)
    USART_GetFlagStatus                      0x08000e8d   Thumb Code    18  stm32f10x_usart.o(.text)
    USART_ClearFlag                          0x08000e9f   Thumb Code     6  stm32f10x_usart.o(.text)
    USART_GetITStatus                        0x08000ea5   Thumb Code    76  stm32f10x_usart.o(.text)
    USART_ClearITPendingBit                  0x08000ef1   Thumb Code    20  stm32f10x_usart.o(.text)
    DMA_DeInit                               0x08000f11   Thumb Code   306  stm32f10x_dma.o(.text)
    DMA_Init                                 0x08001043   Thumb Code    60  stm32f10x_dma.o(.text)
    DMA_StructInit                           0x0800107f   Thumb Code    26  stm32f10x_dma.o(.text)
    DMA_Cmd                                  0x08001099   Thumb Code    22  stm32f10x_dma.o(.text)
    DMA_ITConfig                             0x080010af   Thumb Code    18  stm32f10x_dma.o(.text)
    DMA_GetCurrDataCounter                   0x080010c1   Thumb Code     8  stm32f10x_dma.o(.text)
    DMA_GetFlagStatus                        0x080010c9   Thumb Code    40  stm32f10x_dma.o(.text)
    DMA_ClearFlag                            0x080010f1   Thumb Code    20  stm32f10x_dma.o(.text)
    DMA_GetITStatus                          0x08001105   Thumb Code    40  stm32f10x_dma.o(.text)
    DMA_ClearITPendingBit                    0x0800112d   Thumb Code    20  stm32f10x_dma.o(.text)
    ADC_DeInit                               0x08001151   Thumb Code    90  stm32f10x_adc.o(.text)
    ADC_Init                                 0x080011ab   Thumb Code    70  stm32f10x_adc.o(.text)
    ADC_StructInit                           0x080011f1   Thumb Code    18  stm32f10x_adc.o(.text)
    ADC_Cmd                                  0x08001203   Thumb Code    22  stm32f10x_adc.o(.text)
    ADC_DMACmd                               0x08001219   Thumb Code    22  stm32f10x_adc.o(.text)
    ADC_ITConfig                             0x0800122f   Thumb Code    24  stm32f10x_adc.o(.text)
    ADC_ResetCalibration                     0x08001247   Thumb Code    10  stm32f10x_adc.o(.text)
    ADC_GetResetCalibrationStatus            0x08001251   Thumb Code    20  stm32f10x_adc.o(.text)
    ADC_StartCalibration                     0x08001265   Thumb Code    10  stm32f10x_adc.o(.text)
    ADC_GetCalibrationStatus                 0x0800126f   Thumb Code    20  stm32f10x_adc.o(.text)
    ADC_SoftwareStartConvCmd                 0x08001283   Thumb Code    22  stm32f10x_adc.o(.text)
    ADC_GetSoftwareStartConvStatus           0x08001299   Thumb Code    20  stm32f10x_adc.o(.text)
    ADC_DiscModeChannelCountConfig           0x080012ad   Thumb Code    24  stm32f10x_adc.o(.text)
    ADC_DiscModeCmd                          0x080012c5   Thumb Code    22  stm32f10x_adc.o(.text)
    ADC_RegularChannelConfig                 0x080012db   Thumb Code   184  stm32f10x_adc.o(.text)
    ADC_ExternalTrigConvCmd                  0x08001393   Thumb Code    22  stm32f10x_adc.o(.text)
    ADC_GetConversionValue                   0x080013a9   Thumb Code     8  stm32f10x_adc.o(.text)
    ADC_GetDualModeConversionValue           0x080013b1   Thumb Code     6  stm32f10x_adc.o(.text)
    ADC_AutoInjectedConvCmd                  0x080013b7   Thumb Code    22  stm32f10x_adc.o(.text)
    ADC_InjectedDiscModeCmd                  0x080013cd   Thumb Code    22  stm32f10x_adc.o(.text)
    ADC_ExternalTrigInjectedConvConfig       0x080013e3   Thumb Code    16  stm32f10x_adc.o(.text)
    ADC_ExternalTrigInjectedConvCmd          0x080013f3   Thumb Code    22  stm32f10x_adc.o(.text)
    ADC_SoftwareStartInjectedConvCmd         0x08001409   Thumb Code    22  stm32f10x_adc.o(.text)
    ADC_GetSoftwareStartInjectedConvCmdStatus 0x0800141f   Thumb Code    20  stm32f10x_adc.o(.text)
    ADC_InjectedChannelConfig                0x08001433   Thumb Code   130  stm32f10x_adc.o(.text)
    ADC_InjectedSequencerLengthConfig        0x080014b5   Thumb Code    24  stm32f10x_adc.o(.text)
    ADC_SetInjectedOffset                    0x080014cd   Thumb Code     4  stm32f10x_adc.o(.text)
    ADC_GetInjectedConversionValue           0x080014d1   Thumb Code    10  stm32f10x_adc.o(.text)
    ADC_AnalogWatchdogCmd                    0x080014db   Thumb Code    16  stm32f10x_adc.o(.text)
    ADC_AnalogWatchdogThresholdsConfig       0x080014eb   Thumb Code     6  stm32f10x_adc.o(.text)
    ADC_AnalogWatchdogSingleChannelConfig    0x080014f1   Thumb Code    16  stm32f10x_adc.o(.text)
    ADC_TempSensorVrefintCmd                 0x08001501   Thumb Code    38  stm32f10x_adc.o(.text)
    ADC_GetFlagStatus                        0x08001527   Thumb Code    38  stm32f10x_adc.o(.text)
    ADC_ClearFlag                            0x0800154d   Thumb Code     6  stm32f10x_adc.o(.text)
    ADC_GetITStatus                          0x08001553   Thumb Code    36  stm32f10x_adc.o(.text)
    ADC_ClearITPendingBit                    0x08001577   Thumb Code    10  stm32f10x_adc.o(.text)
    TIM_DeInit                               0x08001581   Thumb Code   214  stm32f10x_tim.o(.text)
    TIM_TimeBaseInit                         0x08001657   Thumb Code    50  stm32f10x_tim.o(.text)
    TIM_OC1Init                              0x08001689   Thumb Code   110  stm32f10x_tim.o(.text)
    TIM_OC2Init                              0x080016f7   Thumb Code   148  stm32f10x_tim.o(.text)
    TIM_OC3Init                              0x0800178b   Thumb Code   144  stm32f10x_tim.o(.text)
    TIM_OC4Init                              0x0800181b   Thumb Code   106  stm32f10x_tim.o(.text)
    TIM_SetIC4Prescaler                      0x08001885   Thumb Code    26  stm32f10x_tim.o(.text)
    TIM_SetIC3Prescaler                      0x080018f1   Thumb Code    18  stm32f10x_tim.o(.text)
    TIM_SetIC2Prescaler                      0x0800194b   Thumb Code    42  stm32f10x_tim.o(.text)
    TIM_SetIC1Prescaler                      0x080019c5   Thumb Code    18  stm32f10x_tim.o(.text)
    TIM_ICInit                               0x08001a0f   Thumb Code   110  stm32f10x_tim.o(.text)
    TIM_PWMIConfig                           0x08001a7d   Thumb Code   124  stm32f10x_tim.o(.text)
    TIM_BDTRConfig                           0x08001af9   Thumb Code    32  stm32f10x_tim.o(.text)
    TIM_TimeBaseStructInit                   0x08001b19   Thumb Code    18  stm32f10x_tim.o(.text)
    TIM_OCStructInit                         0x08001b2b   Thumb Code    20  stm32f10x_tim.o(.text)
    TIM_ICStructInit                         0x08001b3f   Thumb Code    18  stm32f10x_tim.o(.text)
    TIM_BDTRStructInit                       0x08001b51   Thumb Code    18  stm32f10x_tim.o(.text)
    TIM_Cmd                                  0x08001b63   Thumb Code    24  stm32f10x_tim.o(.text)
    TIM_CtrlPWMOutputs                       0x08001b7b   Thumb Code    30  stm32f10x_tim.o(.text)
    TIM_ITConfig                             0x08001b99   Thumb Code    18  stm32f10x_tim.o(.text)
    TIM_GenerateEvent                        0x08001bab   Thumb Code     4  stm32f10x_tim.o(.text)
    TIM_DMAConfig                            0x08001baf   Thumb Code    10  stm32f10x_tim.o(.text)
    TIM_DMACmd                               0x08001bb9   Thumb Code    18  stm32f10x_tim.o(.text)
    TIM_InternalClockConfig                  0x08001bcb   Thumb Code    12  stm32f10x_tim.o(.text)
    TIM_SelectInputTrigger                   0x08001bd7   Thumb Code    18  stm32f10x_tim.o(.text)
    TIM_ITRxExternalClockConfig              0x08001be9   Thumb Code    24  stm32f10x_tim.o(.text)
    TIM_TIxExternalClockConfig               0x08001c01   Thumb Code    62  stm32f10x_tim.o(.text)
    TIM_ETRConfig                            0x08001c3f   Thumb Code    30  stm32f10x_tim.o(.text)
    TIM_ETRClockMode1Config                  0x08001c5d   Thumb Code    54  stm32f10x_tim.o(.text)
    TIM_ETRClockMode2Config                  0x08001c93   Thumb Code    32  stm32f10x_tim.o(.text)
    TIM_PrescalerConfig                      0x08001cb3   Thumb Code     6  stm32f10x_tim.o(.text)
    TIM_CounterModeConfig                    0x08001cb9   Thumb Code    18  stm32f10x_tim.o(.text)
    TIM_EncoderInterfaceConfig               0x08001ccb   Thumb Code    66  stm32f10x_tim.o(.text)
    TIM_ForcedOC1Config                      0x08001d0d   Thumb Code    18  stm32f10x_tim.o(.text)
    TIM_ForcedOC2Config                      0x08001d1f   Thumb Code    26  stm32f10x_tim.o(.text)
    TIM_ForcedOC3Config                      0x08001d39   Thumb Code    18  stm32f10x_tim.o(.text)
    TIM_ForcedOC4Config                      0x08001d4b   Thumb Code    26  stm32f10x_tim.o(.text)
    TIM_ARRPreloadConfig                     0x08001d65   Thumb Code    24  stm32f10x_tim.o(.text)
    TIM_SelectCOM                            0x08001d7d   Thumb Code    24  stm32f10x_tim.o(.text)
    TIM_SelectCCDMA                          0x08001d95   Thumb Code    24  stm32f10x_tim.o(.text)
    TIM_CCPreloadControl                     0x08001dad   Thumb Code    24  stm32f10x_tim.o(.text)
    TIM_OC1PreloadConfig                     0x08001dc5   Thumb Code    18  stm32f10x_tim.o(.text)
    TIM_OC2PreloadConfig                     0x08001dd7   Thumb Code    26  stm32f10x_tim.o(.text)
    TIM_OC3PreloadConfig                     0x08001df1   Thumb Code    18  stm32f10x_tim.o(.text)
    TIM_OC4PreloadConfig                     0x08001e03   Thumb Code    26  stm32f10x_tim.o(.text)
    TIM_OC1FastConfig                        0x08001e1d   Thumb Code    18  stm32f10x_tim.o(.text)
    TIM_OC2FastConfig                        0x08001e2f   Thumb Code    26  stm32f10x_tim.o(.text)
    TIM_OC3FastConfig                        0x08001e49   Thumb Code    18  stm32f10x_tim.o(.text)
    TIM_OC4FastConfig                        0x08001e5b   Thumb Code    26  stm32f10x_tim.o(.text)
    TIM_ClearOC1Ref                          0x08001e75   Thumb Code    18  stm32f10x_tim.o(.text)
    TIM_ClearOC2Ref                          0x08001e87   Thumb Code    24  stm32f10x_tim.o(.text)
    TIM_ClearOC3Ref                          0x08001e9f   Thumb Code    18  stm32f10x_tim.o(.text)
    TIM_ClearOC4Ref                          0x08001eb1   Thumb Code    24  stm32f10x_tim.o(.text)
    TIM_OC1PolarityConfig                    0x08001ec9   Thumb Code    18  stm32f10x_tim.o(.text)
    TIM_OC1NPolarityConfig                   0x08001edb   Thumb Code    18  stm32f10x_tim.o(.text)
    TIM_OC2PolarityConfig                    0x08001eed   Thumb Code    26  stm32f10x_tim.o(.text)
    TIM_OC2NPolarityConfig                   0x08001f07   Thumb Code    26  stm32f10x_tim.o(.text)
    TIM_OC3PolarityConfig                    0x08001f21   Thumb Code    26  stm32f10x_tim.o(.text)
    TIM_OC3NPolarityConfig                   0x08001f3b   Thumb Code    26  stm32f10x_tim.o(.text)
    TIM_OC4PolarityConfig                    0x08001f55   Thumb Code    26  stm32f10x_tim.o(.text)
    TIM_CCxCmd                               0x08001f6f   Thumb Code    26  stm32f10x_tim.o(.text)
    TIM_CCxNCmd                              0x08001f89   Thumb Code    26  stm32f10x_tim.o(.text)
    TIM_SelectOCxM                           0x08001fa3   Thumb Code   134  stm32f10x_tim.o(.text)
    TIM_UpdateDisableConfig                  0x08002029   Thumb Code    24  stm32f10x_tim.o(.text)
    TIM_UpdateRequestConfig                  0x08002041   Thumb Code    24  stm32f10x_tim.o(.text)
    TIM_SelectHallSensor                     0x08002059   Thumb Code    24  stm32f10x_tim.o(.text)
    TIM_SelectOnePulseMode                   0x08002071   Thumb Code    18  stm32f10x_tim.o(.text)
    TIM_SelectOutputTrigger                  0x08002083   Thumb Code    18  stm32f10x_tim.o(.text)
    TIM_SelectSlaveMode                      0x08002095   Thumb Code    18  stm32f10x_tim.o(.text)
    TIM_SelectMasterSlaveMode                0x080020a7   Thumb Code    18  stm32f10x_tim.o(.text)
    TIM_SetCounter                           0x080020b9   Thumb Code     4  stm32f10x_tim.o(.text)
    TIM_SetAutoreload                        0x080020bd   Thumb Code     4  stm32f10x_tim.o(.text)
    TIM_SetCompare1                          0x080020c1   Thumb Code     4  stm32f10x_tim.o(.text)
    TIM_SetCompare2                          0x080020c5   Thumb Code     4  stm32f10x_tim.o(.text)
    TIM_SetCompare3                          0x080020c9   Thumb Code     4  stm32f10x_tim.o(.text)
    TIM_SetCompare4                          0x080020cd   Thumb Code     6  stm32f10x_tim.o(.text)
    TIM_SetClockDivision                     0x080020d3   Thumb Code    14  stm32f10x_tim.o(.text)
    TIM_GetCapture1                          0x080020e1   Thumb Code     6  stm32f10x_tim.o(.text)
    TIM_GetCapture2                          0x080020e7   Thumb Code     6  stm32f10x_tim.o(.text)
    TIM_GetCapture3                          0x080020ed   Thumb Code     6  stm32f10x_tim.o(.text)
    TIM_GetCapture4                          0x080020f3   Thumb Code     8  stm32f10x_tim.o(.text)
    TIM_GetCounter                           0x080020fb   Thumb Code     6  stm32f10x_tim.o(.text)
    TIM_GetPrescaler                         0x08002101   Thumb Code     6  stm32f10x_tim.o(.text)
    TIM_GetFlagStatus                        0x08002107   Thumb Code    18  stm32f10x_tim.o(.text)
    TIM_ClearFlag                            0x08002119   Thumb Code     6  stm32f10x_tim.o(.text)
    TIM_GetITStatus                          0x0800211f   Thumb Code    34  stm32f10x_tim.o(.text)
    TIM_ClearITPendingBit                    0x08002141   Thumb Code     6  stm32f10x_tim.o(.text)
    NVIC_PriorityGroupConfig                 0x08002149   Thumb Code    10  misc.o(.text)
    NVIC_Init                                0x08002153   Thumb Code   100  misc.o(.text)
    NVIC_SetVectorTable                      0x080021b7   Thumb Code    14  misc.o(.text)
    NVIC_SystemLPConfig                      0x080021c5   Thumb Code    34  misc.o(.text)
    SysTick_CLKSourceConfig                  0x080021e7   Thumb Code    40  misc.o(.text)
    SystemInit                               0x08002309   Thumb Code    68  system_stm32f10x.o(.text)
    ADC1_GPIO_Config                         0x0800235d   Thumb Code    32  stm32_adc.o(.text)
    ADC1_Mode_Config                         0x0800237d   Thumb Code   288  stm32_adc.o(.text)
    ADC1_Init                                0x0800249d   Thumb Code    12  stm32_adc.o(.text)
    TIM2_NVIC_Configuration                  0x080024b9   Thumb Code    42  stm32_tim2.o(.text)
    TIM2_Config                              0x080024e3   Thumb Code    70  stm32_tim2.o(.text)
    __aeabi_fmul                             0x08002529   Thumb Code   100  fmul.o(.text)
    __aeabi_fdiv                             0x0800258d   Thumb Code   124  fdiv.o(.text)
    __aeabi_i2f                              0x08002609   Thumb Code    18  fflti.o(.text)
    __aeabi_f2iz                             0x0800261b   Thumb Code    50  ffixi.o(.text)
    __I$use$fp                               0x0800264d   Thumb Code     0  iusefp.o(.text)
    _float_round                             0x0800264d   Thumb Code    18  fepilogue.o(.text)
    _float_epilogue                          0x0800265f   Thumb Code    92  fepilogue.o(.text)
    __scatterload                            0x080026bd   Thumb Code    28  init.o(.text)
    __scatterload_rt2                        0x080026bd   Thumb Code     0  init.o(.text)
    __scatterload_copy                       0x080026e1   Thumb Code    14  handlers.o(i.__scatterload_copy)
    __scatterload_null                       0x080026ef   Thumb Code     2  handlers.o(i.__scatterload_null)
    __scatterload_zeroinit                   0x080026f1   Thumb Code    14  handlers.o(i.__scatterload_zeroinit)
    Region$$Table$$Base                      0x08002700   Number         0  anon$$obj.o(Region$$Table)
    Region$$Table$$Limit                     0x08002720   Number         0  anon$$obj.o(Region$$Table)
    ADC_Value                                0x20000014   Data          24  main.o(.bss)
    Manu_value                               0x2000002c   Data          32  main.o(.bss)
    adc_average                              0x2000004c   Data          24  main.o(.bss)
    AD_Value                                 0x20000064   Data         240  stm32_adc.o(.bss)
    After_filter                             0x20000154   Data          12  stm32_adc.o(.bss)
    __initial_sp                             0x20000360   Data           0  startup_stm32f10x_hd.o(STACK)



==============================================================================

Memory Map of the image

  Image Entry point : 0x08000147

  Load Region LR_1 (Base: 0x08000000, Size: 0x00002734, Max: 0xffffffff, ABSOLUTE)

    Execution Region ER_RO (Exec base: 0x08000000, Load base: 0x08000000, Size: 0x00002720, Max: 0xffffffff, ABSOLUTE)

    Exec Addr    Load Addr    Size         Type   Attr      Idx    E Section Name        Object

    0x08000000   0x08000000   0x00000130   Data   RO            3    RESET               startup_stm32f10x_hd.o
    0x08000130   0x08000130   0x00000000   Code   RO          309  * .ARM.Collect$$$$00000000  mc_w.l(entry.o)
    0x08000130   0x08000130   0x00000004   Code   RO          330    .ARM.Collect$$$$00000001  mc_w.l(entry2.o)
    0x08000134   0x08000134   0x00000004   Code   RO          333    .ARM.Collect$$$$00000004  mc_w.l(entry5.o)
    0x08000138   0x08000138   0x00000000   Code   RO          335    .ARM.Collect$$$$00000008  mc_w.l(entry7b.o)
    0x08000138   0x08000138   0x00000000   Code   RO          337    .ARM.Collect$$$$0000000A  mc_w.l(entry8b.o)
    0x08000138   0x08000138   0x00000008   Code   RO          338    .ARM.Collect$$$$0000000B  mc_w.l(entry9a.o)
    0x08000140   0x08000140   0x00000000   Code   RO          340    .ARM.Collect$$$$0000000D  mc_w.l(entry10a.o)
    0x08000140   0x08000140   0x00000000   Code   RO          342    .ARM.Collect$$$$0000000F  mc_w.l(entry11a.o)
    0x08000140   0x08000140   0x00000004   Code   RO          331    .ARM.Collect$$$$00002712  mc_w.l(entry2.o)
    0x08000144   0x08000144   0x00000030   Code   RO            4  * .text               startup_stm32f10x_hd.o
    0x08000174   0x08000174   0x0000022c   Code   RO           10    .text               main.o
    0x080003a0   0x080003a0   0x0000001a   Code   RO           77    .text               stm32f10x_it.o
    0x080003ba   0x080003ba   0x00000002   PAD
    0x080003bc   0x080003bc   0x00000114   Code   RO           92    .text               usart1.o
    0x080004d0   0x080004d0   0x00000330   Code   RO          104    .text               stm32f10x_gpio.o
    0x08000800   0x08000800   0x000003a0   Code   RO          116    .text               stm32f10x_rcc.o
    0x08000ba0   0x08000ba0   0x00000370   Code   RO          130    .text               stm32f10x_usart.o
    0x08000f10   0x08000f10   0x00000240   Code   RO          142    .text               stm32f10x_dma.o
    0x08001150   0x08001150   0x00000430   Code   RO          157    .text               stm32f10x_adc.o
    0x08001580   0x08001580   0x00000bc6   Code   RO          184    .text               stm32f10x_tim.o
    0x08002146   0x08002146   0x00000002   PAD
    0x08002148   0x08002148   0x000000dc   Code   RO          211    .text               misc.o
    0x08002224   0x08002224   0x00000138   Code   RO          236    .text               system_stm32f10x.o
    0x0800235c   0x0800235c   0x0000015c   Code   RO          254    .text               stm32_adc.o
    0x080024b8   0x080024b8   0x00000070   Code   RO          297    .text               stm32_tim2.o
    0x08002528   0x08002528   0x00000064   Code   RO          312    .text               mf_w.l(fmul.o)
    0x0800258c   0x0800258c   0x0000007c   Code   RO          314    .text               mf_w.l(fdiv.o)
    0x08002608   0x08002608   0x00000012   Code   RO          318    .text               mf_w.l(fflti.o)
    0x0800261a   0x0800261a   0x00000032   Code   RO          322    .text               mf_w.l(ffixi.o)
    0x0800264c   0x0800264c   0x00000000   Code   RO          344    .text               mc_w.l(iusefp.o)
    0x0800264c   0x0800264c   0x0000006e   Code   RO          345    .text               mf_w.l(fepilogue.o)
    0x080026ba   0x080026ba   0x00000002   PAD
    0x080026bc   0x080026bc   0x00000024   Code   RO          349    .text               mc_w.l(init.o)
    0x080026e0   0x080026e0   0x0000000e   Code   RO          357    i.__scatterload_copy  mc_w.l(handlers.o)
    0x080026ee   0x080026ee   0x00000002   Code   RO          358    i.__scatterload_null  mc_w.l(handlers.o)
    0x080026f0   0x080026f0   0x0000000e   Code   RO          359    i.__scatterload_zeroinit  mc_w.l(handlers.o)
    0x080026fe   0x080026fe   0x00000002   PAD
    0x08002700   0x08002700   0x00000020   Data   RO          355    Region$$Table       anon$$obj.o


    Execution Region ER_RW (Exec base: 0x20000000, Load base: 0x08002720, Size: 0x00000014, Max: 0xffffffff, ABSOLUTE)

    Exec Addr    Load Addr    Size         Type   Attr      Idx    E Section Name        Object

    0x20000000   0x08002720   0x00000014   Data   RW          117    .data               stm32f10x_rcc.o


    Execution Region ER_ZI (Exec base: 0x20000014, Load base: 0x08002734, Size: 0x0000034c, Max: 0xffffffff, ABSOLUTE)

    Exec Addr    Load Addr    Size         Type   Attr      Idx    E Section Name        Object

    0x20000014        -       0x00000050   Zero   RW           11    .bss                main.o
    0x20000064        -       0x000000fc   Zero   RW          255    .bss                stm32_adc.o
    0x20000160        -       0x00000200   Zero   RW            1    STACK               startup_stm32f10x_hd.o


==============================================================================

Image component sizes


      Code (inc. data)   RO Data    RW Data    ZI Data      Debug   Object Name

       556         34          0          0         80     260293   main.o
       220         22          0          0          0       3389   misc.o
        48         12        304          0        512        880   startup_stm32f10x_hd.o
       348         16          0          0        252       1789   stm32_adc.o
       112          0          0          0          0        814   stm32_tim2.o
      1072         20          0          0          0      10885   stm32f10x_adc.o
       576         16          0          0          0      13535   stm32f10x_dma.o
       816         18          0          0          0       5199   stm32f10x_gpio.o
        26          0          0          0          0       1186   stm32f10x_it.o
       928         36          0         20          0       8840   stm32f10x_rcc.o
      3014         16          0          0          0      24520   stm32f10x_tim.o
       880         12          0          0          0       7827   stm32f10x_usart.o
       312         16          0          0          0       1173   system_stm32f10x.o
       276         10          0          0          0       1859   usart1.o

    ----------------------------------------------------------------------
      9188        228        336         20        844     342189   Object Totals
         0          0         32          0          0          0   (incl. Generated)
         4          0          0          0          0          0   (incl. Padding)

    ----------------------------------------------------------------------

      Code (inc. data)   RO Data    RW Data    ZI Data      Debug   Library Member Name

         0          0          0          0          0          0   entry.o
         0          0          0          0          0          0   entry10a.o
         0          0          0          0          0          0   entry11a.o
         8          4          0          0          0          0   entry2.o
         4          0          0          0          0          0   entry5.o
         0          0          0          0          0          0   entry7b.o
         0          0          0          0          0          0   entry8b.o
         8          4          0          0          0          0   entry9a.o
        30          0          0          0          0          0   handlers.o
        36          8          0          0          0         68   init.o
         0          0          0          0          0          0   iusefp.o
       124          0          0          0          0         88   fdiv.o
       110          0          0          0          0        168   fepilogue.o
        50          0          0          0          0         68   ffixi.o
        18          0          0          0          0         68   fflti.o
       100          0          0          0          0         76   fmul.o

    ----------------------------------------------------------------------
       492         16          0          0          0        536   Library Totals
         4          0          0          0          0          0   (incl. Padding)

    ----------------------------------------------------------------------

      Code (inc. data)   RO Data    RW Data    ZI Data      Debug   Library Name

        86         16          0          0          0         68   mc_w.l
       402          0          0          0          0        468   mf_w.l

    ----------------------------------------------------------------------
       492         16          0          0          0        536   Library Totals

    ----------------------------------------------------------------------

==============================================================================


      Code (inc. data)   RO Data    RW Data    ZI Data      Debug   

      9680        244        336         20        844     341525   Grand Totals
      9680        244        336         20        844     341525   ELF Image Totals
      9680        244        336         20          0          0   ROM Totals

==============================================================================

    Total RO  Size (Code + RO Data)                10016 (   9.78kB)
    Total RW  Size (RW Data + ZI Data)               864 (   0.84kB)
    Total ROM Size (Code + RO Data + RW Data)      10036 (   9.80kB)

==============================================================================

